Copyright 1986-2022 Xilinx, Inc. All Rights Reserved. Copyright 2022-2024 Advanced Micro Devices, Inc. All Rights Reserved.
---------------------------------------------------------------------------------------------------------------------------------------------
| Tool Version : Vivado v.2024.2 (win64) Build 5239630 Fri Nov 08 22:35:27 MST 2024
| Date         : Fri Dec 20 12:44:01 2024
| Host         : Saraa running 64-bit major release  (build 9200)
| Command      : report_control_sets -verbose -file Top_control_sets_placed.rpt
| Design       : Top
| Device       : xc7a100t
---------------------------------------------------------------------------------------------------------------------------------------------

Control Set Information

Table of Contents
-----------------
1. Summary
2. Histogram
3. Flip-Flop Distribution
4. Detailed Control Set Information

1. Summary
----------

+----------------------------------------------------------+-------+
|                          Status                          | Count |
+----------------------------------------------------------+-------+
| Total control sets                                       |    20 |
|    Minimum number of control sets                        |    20 |
|    Addition due to synthesis replication                 |     0 |
|    Addition due to physical synthesis replication        |     0 |
| Unused register locations in slices containing registers |    57 |
+----------------------------------------------------------+-------+
* Control sets can be merged at opt_design using control_set_merge or merge_equivalent_drivers
** Run report_qor_suggestions for automated merging and remapping suggestions


2. Histogram
------------

+--------------------+-------+
|       Fanout       | Count |
+--------------------+-------+
| Total control sets |    20 |
| >= 0 to < 4        |     2 |
| >= 4 to < 6        |     4 |
| >= 6 to < 8        |     4 |
| >= 8 to < 10       |     3 |
| >= 10 to < 12      |     1 |
| >= 12 to < 14      |     0 |
| >= 14 to < 16      |     0 |
| >= 16              |     6 |
+--------------------+-------+
* Control sets can be remapped at either synth_design or opt_design


3. Flip-Flop Distribution
-------------------------

+--------------+-----------------------+------------------------+-----------------+--------------+
| Clock Enable | Synchronous Set/Reset | Asynchronous Set/Reset | Total Registers | Total Slices |
+--------------+-----------------------+------------------------+-----------------+--------------+
| No           | No                    | No                     |              19 |            9 |
| No           | No                    | Yes                    |              22 |            8 |
| No           | Yes                   | No                     |              56 |           19 |
| Yes          | No                    | No                     |              76 |           17 |
| Yes          | No                    | Yes                    |               0 |            0 |
| Yes          | Yes                   | No                     |             114 |           32 |
+--------------+-----------------------+------------------------+-----------------+--------------+


4. Detailed Control Set Information
-----------------------------------

+-------------------+--------------------------------------------------------------------+-------------------------------------------------------+------------------+----------------+--------------+
|    Clock Signal   |                            Enable Signal                           |                    Set/Reset Signal                   | Slice Load Count | Bel Load Count | Bels / Slice |
+-------------------+--------------------------------------------------------------------+-------------------------------------------------------+------------------+----------------+--------------+
|  SYSCLK_IBUF_BUFG |                                                                    | RESET_IBUF                                            |                1 |              1 |         1.00 |
|  FrecDiv/CLK      |                                                                    | FrecDiv/RESET0_out                                    |                2 |              3 |         1.50 |
|  SYSCLK_IBUF_BUFG | Accelerometer/ADXL_Control/Cmd_Reg[0]_2                            | Accelerometer/ADXL_Control/Cmd_Reg[0][6]_i_1_n_0      |                1 |              4 |         4.00 |
|  SYSCLK_IBUF_BUFG | Accelerometer/ADXL_Control/FSM_sequential_StC_Adxl_Ctrl[3]_i_1_n_0 | Accelerometer/RESET_INT_reg_n_0                       |                1 |              4 |         4.00 |
|  SYSCLK_IBUF_BUFG | Accelerometer/ADXL_Control/CE_Cnt_Num_Reads                        | Accelerometer/ADXL_Control/Reset_Cnt_Num_Reads        |                1 |              4 |         4.00 |
|  SYSCLK_IBUF_BUFG | Accelerometer/ADXL_Control/Cmd_Reg[1][6]_i_2_n_0                   | Accelerometer/ADXL_Control/Cmd_Reg[1]0_in[7]          |                1 |              5 |         5.00 |
|  SYSCLK_IBUF_BUFG |                                                                    | Accelerometer/ADXL_Control/SPI_Interface/SCLK_2X_DIV0 |                2 |              6 |         3.00 |
|  SYSCLK_IBUF_BUFG |                                                                    | Accelerometer/RESET_INT_reg_n_0                       |                4 |              6 |         1.50 |
|  SYSCLK_IBUF_BUFG | Accelerometer/ADXL_Control/Cmd_Reg[2]_1                            | Accelerometer/ADXL_Control/Cmd_Reg[2][7]              |                3 |              6 |         2.00 |
|  SYSCLK_IBUF_BUFG | Accelerometer/ADXL_Control/D_Send[6]_i_1_n_0                       | Accelerometer/RESET_INT_reg_n_0                       |                2 |              7 |         3.50 |
|  SYSCLK_IBUF_BUFG | Accelerometer/ADXL_Control/SPI_Interface/MOSI_REG[7]_i_1_n_0       |                                                       |                1 |              8 |         8.00 |
|  SYSCLK_IBUF_BUFG | Accelerometer/ADXL_Control/SPI_Interface/SHIFT_TICK_IN             |                                                       |                1 |              8 |         8.00 |
|  SYSCLK_IBUF_BUFG | Accelerometer/ADXL_Control/SPI_Interface/EN_LOAD_DOUT              |                                                       |                2 |              8 |         4.00 |
|  SYSCLK_IBUF_BUFG |                                                                    | Accelerometer/ADXL_Control/Cnt_SS_Inactive0           |                3 |             11 |         3.67 |
|  SYSCLK_IBUF_BUFG |                                                                    |                                                       |                9 |             19 |         2.11 |
|  SYSCLK_IBUF_BUFG |                                                                    | Accelerometer/ADXL_Control/Sample_Rate_Div[0]_i_1_n_0 |                6 |             21 |         3.50 |
|  SYSCLK_IBUF_BUFG |                                                                    | FrecDiv/RESET0_out                                    |                9 |             30 |         3.33 |
|  SYSCLK_IBUF_BUFG | Accelerometer/ADXL_Control/StC_Adxl_Ctrl[3]                        | Accelerometer/RESET_INT_reg_n_0                       |               11 |             36 |         3.27 |
|  SYSCLK_IBUF_BUFG | Accelerometer/ADXL_Control/CE_Cnt_Num_Reads                        | Accelerometer/ADXL_Control/ACCEL_X_SUM0               |               12 |             48 |         4.00 |
|  SYSCLK_IBUF_BUFG | Accelerometer/ADXL_Control/SPI_Interface/Shift_Data_Reg            |                                                       |               13 |             58 |         4.46 |
+-------------------+--------------------------------------------------------------------+-------------------------------------------------------+------------------+----------------+--------------+


