#-----------------------------------------------------------
# Vivado v2024.1 (64-bit)
# SW Build 5076996 on Wed May 22 18:37:14 MDT 2024
# IP Build 5075265 on Wed May 22 21:45:21 MDT 2024
# SharedData Build 5076995 on Wed May 22 18:29:18 MDT 2024
# Start of session at: Tue Dec  3 14:05:49 2024
# Process ID: 11720
# Current directory: C:/Users/carlo/Desktop/Trabajo-SED-FPGA/Acelerometro3
# Command line: vivado.exe -gui_launcher_event rodinguilauncherevent15508 C:\Users\carlo\Desktop\Trabajo-SED-FPGA\Acelerometro3\Acelerometro3.xpr
# Log file: C:/Users/carlo/Desktop/Trabajo-SED-FPGA/Acelerometro3/vivado.log
# Journal file: C:/Users/carlo/Desktop/Trabajo-SED-FPGA/Acelerometro3\vivado.jou
# Running On        :DESKTOP-TUDSMRQ
# Platform          :Windows Server 2016 or Windows 10
# Operating System  :22631
# Processor Detail  :AMD Ryzen 7 5700U with Radeon Graphics         
# CPU Frequency     :1797 MHz
# CPU Physical cores:8
# CPU Logical cores :16
# Host memory       :7883 MB
# Swap memory       :6710 MB
# Total Virtual     :14594 MB
# Available Virtual :9056 MB
#-----------------------------------------------------------
start_gui
open_project C:/Users/carlo/Desktop/Trabajo-SED-FPGA/Acelerometro3/Acelerometro3.xpr
update_compile_order -fileset sources_1
